******************************************************************************
                  TI ARM Linker PC v18.1.3                     
******************************************************************************
>> Linked Sun Dec  2 23:11:45 2018

OUTPUT FILE NAME:   <lab4.out>
ENTRY POINT SYMBOL: "_c_int00_noinit_noargs"  address: 00000741


MEMORY CONFIGURATION

         name            origin    length      used     unused   attr    fill
----------------------  --------  ---------  --------  --------  ----  --------
  FLASH                 00000000   00040000  000008fc  0003f704  R  X
  SRAM                  20000000   00008000  00000200  00007e00  RW X


SEGMENT ALLOCATION MAP

run origin  load origin   length   init length attrs members
----------  ----------- ---------- ----------- ----- -------
00000000    00000000    000008fc   000008fc    r-x
  00000000    00000000    0000026c   0000026c    r-- .intvecs
  0000026c    0000026c    000005b4   000005b4    r-x .text
  00000820    00000820    000000dc   000000dc    r-- .const
20000000    20000000    00000200   00000000    rw-
  20000000    20000000    00000200   00000000    rw- .stack


SECTION ALLOCATION MAP

 output                                  attributes/
section   page    origin      length       input sections
--------  ----  ----------  ----------   ----------------
.intvecs   0    00000000    0000026c     
                  00000000    0000026c     tm4c123gh6pm_startup_ccs.obj (.intvecs)

.text      0    0000026c    000005b4     
                  0000026c    00000132     driverlib.lib : gpio.obj (.text:GPIOPadConfigSet)
                  0000039e    00000002     --HOLE-- [fill = 0]
                  000003a0    00000110                   : sysctl.obj (.text:SysCtlClockGet)
                  000004b0    000000f4                   : sysctl.obj (.text:SysCtlClockSet)
                  000005a4    000000a0     Lab03-T01.obj (.text)
                  00000644    00000068     driverlib.lib : interrupt.obj (.text:IntEnable)
                  000006ac    00000060                   : timer.obj (.text:TimerConfigure)
                  0000070c    00000034                   : sysctl.obj (.text:SysCtlPeripheralEnable)
                  00000740    00000030     rtsv7M4_T_le_v4SPD16_eabi.lib : boot_cortex_m.c.obj (.text:_c_int00_noinit_noargs:_c_int00_noinit_noargs)
                  00000770    0000002a     driverlib.lib : gpio.obj (.text:GPIODirModeSet)
                  0000079a    00000018                   : gpio.obj (.text:GPIOPinTypeGPIOOutput)
                  000007b2    00000012                   : timer.obj (.text:TimerLoadSet)
                  000007c4    00000010                   : interrupt.obj (.text:IntMasterEnable)
                  000007d4    0000000e                   : timer.obj (.text:TimerEnable)
                  000007e2    0000000c                   : cpu.obj (.text:CPUcpsie)
                  000007ee    0000000c     tm4c123gh6pm_startup_ccs.obj (.text)
                  000007fa    00000008     driverlib.lib : timer.obj (.text:TimerIntEnable)
                  00000802    00000006                   : gpio.obj (.text:GPIOPinRead)
                  00000808    00000006                   : gpio.obj (.text:GPIOPinWrite)
                  0000080e    00000006                   : sysctl.obj (.text:SysCtlDelay)
                  00000814    00000004                   : timer.obj (.text:TimerIntClear)
                  00000818    00000004     rtsv7M4_T_le_v4SPD16_eabi.lib : pre_init.c.obj (.text:_system_pre_init)
                  0000081c    00000004                                   : exit.c.obj (.text:abort:abort)

.const     0    00000820    000000dc     
                  00000820    00000070     driverlib.lib : interrupt.obj (.const)
                  00000890    0000006c                   : sysctl.obj (.const:g_pui32Xtals)

.cinit     0    00000000    00000000     UNINITIALIZED

.init_array 
*          0    00000000    00000000     UNINITIALIZED

.stack     0    20000000    00000200     UNINITIALIZED
                  20000000    00000004     rtsv7M4_T_le_v4SPD16_eabi.lib : boot_cortex_m.c.obj (.stack)
                  20000004    000001fc     --HOLE--

MODULE SUMMARY

       Module                         code   ro data   rw data
       ------                         ----   -------   -------
    .\
       tm4c123gh6pm_startup_ccs.obj   12     620       0      
       Lab03-T01.obj                  160    0         0      
    +--+------------------------------+------+---------+---------+
       Total:                         172    620       0      
                                                              
    C:/ti/tivaware_c_series_2_1_4_178/driverlib/ccs/Debug/driverlib.lib
       sysctl.obj                     574    108       0      
       gpio.obj                       384    0         0      
       interrupt.obj                  120    112       0      
       timer.obj                      140    0         0      
       cpu.obj                        12     0         0      
    +--+------------------------------+------+---------+---------+
       Total:                         1230   220       0      
                                                              
    C:\ti\ccsv8\tools\compiler\ti-cgt-arm_18.1.3.LTS\lib\rtsv7M4_T_le_v4SPD16_eabi.lib
       boot_cortex_m.c.obj            48     0         0      
       exit.c.obj                     4      0         0      
       pre_init.c.obj                 4      0         0      
    +--+------------------------------+------+---------+---------+
       Total:                         56     0         0      
                                                              
       Stack:                         0      0         512    
    +--+------------------------------+------+---------+---------+
       Grand Total:                   1458   840       512    


GLOBAL SYMBOLS: SORTED ALPHABETICALLY BY Name 

address   name                  
-------   ----                  
0000081d  C$$EXIT               
000007e3  CPUcpsie              
00000771  GPIODirModeSet        
0000026d  GPIOPadConfigSet      
00000803  GPIOPinRead           
0000079b  GPIOPinTypeGPIOOutput 
00000809  GPIOPinWrite          
00000645  IntEnable             
000007c5  IntMasterEnable       
UNDEFED   IntPortFHandler       
000007ef  ResetISR              
000003a1  SysCtlClockGet        
000004b1  SysCtlClockSet        
0000080f  SysCtlDelay           
0000070d  SysCtlPeripheralEnable
00000603  Timer0IntHandler      
UNDEFED   Timer1IntHandler      
000006ad  TimerConfigure        
000007d5  TimerEnable           
00000815  TimerIntClear         
000007fb  TimerIntEnable        
000007b3  TimerLoadSet          
20000200  __STACK_END           
00000200  __STACK_SIZE          
20000200  __STACK_TOP           
ffffffff  __TI_pprof_out_hndl   
ffffffff  __TI_prof_data_size   
ffffffff  __TI_prof_data_start  
00000000  __TI_static_base__    
ffffffff  __binit__             
ffffffff  __c_args__            
UNDEFED   __mpu_init            
20000000  __stack               
00000741  _c_int00_noinit_noargs
00000819  _system_pre_init      
0000081d  abort                 
ffffffff  binit                 
00000000  g_pfnVectors          
000005a5  main                  


GLOBAL SYMBOLS: SORTED BY Symbol Address 

address   name                  
-------   ----                  
00000000  __TI_static_base__    
00000000  g_pfnVectors          
00000200  __STACK_SIZE          
0000026d  GPIOPadConfigSet      
000003a1  SysCtlClockGet        
000004b1  SysCtlClockSet        
000005a5  main                  
00000603  Timer0IntHandler      
00000645  IntEnable             
000006ad  TimerConfigure        
0000070d  SysCtlPeripheralEnable
00000741  _c_int00_noinit_noargs
00000771  GPIODirModeSet        
0000079b  GPIOPinTypeGPIOOutput 
000007b3  TimerLoadSet          
000007c5  IntMasterEnable       
000007d5  TimerEnable           
000007e3  CPUcpsie              
000007ef  ResetISR              
000007fb  TimerIntEnable        
00000803  GPIOPinRead           
00000809  GPIOPinWrite          
0000080f  SysCtlDelay           
00000815  TimerIntClear         
00000819  _system_pre_init      
0000081d  C$$EXIT               
0000081d  abort                 
20000000  __stack               
20000200  __STACK_END           
20000200  __STACK_TOP           
ffffffff  __TI_pprof_out_hndl   
ffffffff  __TI_prof_data_size   
ffffffff  __TI_prof_data_start  
ffffffff  __binit__             
ffffffff  __c_args__            
ffffffff  binit                 
UNDEFED   IntPortFHandler       
UNDEFED   Timer1IntHandler      
UNDEFED   __mpu_init            

[39 symbols]
