******************************************************************************
                  TI ARM Linker PC v18.1.3                     
******************************************************************************
>> Linked Sun Dec  2 21:32:23 2018

OUTPUT FILE NAME:   <lab3.out>
ENTRY POINT SYMBOL: "_c_int00_noargs"  address: 00000651


MEMORY CONFIGURATION

         name            origin    length      used     unused   attr    fill
----------------------  --------  ---------  --------  --------  ----  --------
  FLASH                 00000000   00040000  00000744  0003f8bc  R  X
  SRAM                  20000000   00008000  00000201  00007dff  RW X


SEGMENT ALLOCATION MAP

run origin  load origin   length   init length attrs members
----------  ----------- ---------- ----------- ----- -------
00000000    00000000    00000748   00000748    r-x
  00000000    00000000    0000026c   0000026c    r-- .intvecs
  0000026c    0000026c    000004c0   000004c0    r-x .text
  00000730    00000730    00000018   00000018    r-- .cinit
20000000    20000000    00000201   00000000    rw-
  20000000    20000000    00000200   00000000    rw- .stack
  20000200    20000200    00000001   00000000    rw- .data


SECTION ALLOCATION MAP

 output                                  attributes/
section   page    origin      length       input sections
--------  ----  ----------  ----------   ----------------
.intvecs   0    00000000    0000026c     
                  00000000    0000026c     tm4c123gh6pm_startup_ccs.obj (.intvecs)

.text      0    0000026c    000004c0     
                  0000026c    00000132     driverlib.lib : gpio.obj (.text:GPIOPadConfigSet)
                  0000039e    00000002     --HOLE-- [fill = 0]
                  000003a0    000000f4                   : sysctl.obj (.text:SysCtlClockSet)
                  00000494    0000009c     rtsv7M4_T_le_v4SPD16_eabi.lib : memcpy_t2.asm.obj (.text)
                  00000530    00000074     Lab03-T01.obj (.text)
                  000005a4    00000068     rtsv7M4_T_le_v4SPD16_eabi.lib : copy_decompress_lzss.c.obj (.text:decompress:lzss:__TI_decompress_lzss)
                  0000060c    00000044                                   : autoinit.c.obj (.text:__TI_auto_init_nobinit_nopinit:__TI_auto_init_nobinit_nopinit)
                  00000650    00000038                                   : boot_cortex_m.c.obj (.text:_c_int00_noargs:_c_int00_noargs)
                  00000688    00000034     driverlib.lib : sysctl.obj (.text:SysCtlPeripheralEnable)
                  000006bc    0000002a                   : gpio.obj (.text:GPIODirModeSet)
                  000006e6    00000018                   : gpio.obj (.text:GPIOPinTypeGPIOOutput)
                  000006fe    0000000e     rtsv7M4_T_le_v4SPD16_eabi.lib : copy_decompress_none.c.obj (.text:decompress:none:__TI_decompress_none)
                  0000070c    0000000c     tm4c123gh6pm_startup_ccs.obj (.text)
                  00000718    00000006     driverlib.lib : gpio.obj (.text:GPIOPinWrite)
                  0000071e    00000006                   : sysctl.obj (.text:SysCtlDelay)
                  00000724    00000004     rtsv7M4_T_le_v4SPD16_eabi.lib : pre_init.c.obj (.text:_system_pre_init)
                  00000728    00000004                                   : exit.c.obj (.text:abort:abort)

.cinit     0    00000730    00000018     
                  00000730    00000008     (__TI_handler_table)
                  00000738    00000005     (.cinit..data.load) [load image, compression = lzss]
                  0000073d    00000003     --HOLE-- [fill = 0]
                  00000740    00000008     (__TI_cinit_table)

.init_array 
*          0    00000000    00000000     UNINITIALIZED

.data      0    20000200    00000001     UNINITIALIZED
                  20000200    00000001     Lab03-T01.obj (.data)

.stack     0    20000000    00000200     UNINITIALIZED
                  20000000    00000004     rtsv7M4_T_le_v4SPD16_eabi.lib : boot_cortex_m.c.obj (.stack)
                  20000004    000001fc     --HOLE--

MODULE SUMMARY

       Module                         code   ro data   rw data
       ------                         ----   -------   -------
    .\
       tm4c123gh6pm_startup_ccs.obj   12     620       0      
       Lab03-T01.obj                  116    0         1      
    +--+------------------------------+------+---------+---------+
       Total:                         128    620       1      
                                                              
    C:/ti/tivaware_c_series_2_1_4_178/driverlib/ccs/Debug/driverlib.lib
       gpio.obj                       378    0         0      
       sysctl.obj                     302    0         0      
    +--+------------------------------+------+---------+---------+
       Total:                         680    0         0      
                                                              
    C:\ti\ccsv8\tools\compiler\ti-cgt-arm_18.1.3.LTS\lib\rtsv7M4_T_le_v4SPD16_eabi.lib
       memcpy_t2.asm.obj              156    0         0      
       copy_decompress_lzss.c.obj     104    0         0      
       autoinit.c.obj                 68     0         0      
       boot_cortex_m.c.obj            56     0         0      
       copy_decompress_none.c.obj     14     0         0      
       exit.c.obj                     4      0         0      
       pre_init.c.obj                 4      0         0      
    +--+------------------------------+------+---------+---------+
       Total:                         406    0         0      
                                                              
       Stack:                         0      0         512    
       Linker Generated:              0      21        0      
    +--+------------------------------+------+---------+---------+
       Grand Total:                   1214   641       513    


LINKER GENERATED COPY TABLES

__TI_cinit_table @ 00000740 records: 1, size/record: 8, table size: 8
	.data: load addr=00000738, load size=00000005 bytes, run addr=20000200, run size=00000001 bytes, compression=lzss


LINKER GENERATED HANDLER TABLE

__TI_handler_table @ 00000730 records: 2, size/record: 4, table size: 8
	index: 0, handler: __TI_decompress_lzss
	index: 1, handler: __TI_decompress_none


GLOBAL SYMBOLS: SORTED ALPHABETICALLY BY Name 

address   name                          
-------   ----                          
00000729  C$$EXIT                       
000006bd  GPIODirModeSet                
0000026d  GPIOPadConfigSet              
000006e7  GPIOPinTypeGPIOOutput         
00000719  GPIOPinWrite                  
0000070d  ResetISR                      
000003a1  SysCtlClockSet                
0000071f  SysCtlDelay                   
00000689  SysCtlPeripheralEnable        
20000200  __STACK_END                   
00000200  __STACK_SIZE                  
20000200  __STACK_TOP                   
00000740  __TI_CINIT_Base               
00000748  __TI_CINIT_Limit              
00000730  __TI_Handler_Table_Base       
00000738  __TI_Handler_Table_Limit      
0000060d  __TI_auto_init_nobinit_nopinit
000005a5  __TI_decompress_lzss          
000006ff  __TI_decompress_none          
ffffffff  __TI_pprof_out_hndl           
ffffffff  __TI_prof_data_size           
ffffffff  __TI_prof_data_start          
00000000  __TI_static_base__            
00000495  __aeabi_memcpy                
00000495  __aeabi_memcpy4               
00000495  __aeabi_memcpy8               
ffffffff  __binit__                     
ffffffff  __c_args__                    
UNDEFED   __mpu_init                    
20000000  __stack                       
00000651  _c_int00_noargs               
UNDEFED   _system_post_cinit            
00000725  _system_pre_init              
00000729  abort                         
ffffffff  binit                         
00000000  g_pfnVectors                  
00000531  main                          
00000495  memcpy                        
20000200  ui8PinData                    


GLOBAL SYMBOLS: SORTED BY Symbol Address 

address   name                          
-------   ----                          
00000000  __TI_static_base__            
00000000  g_pfnVectors                  
00000200  __STACK_SIZE                  
0000026d  GPIOPadConfigSet              
000003a1  SysCtlClockSet                
00000495  __aeabi_memcpy                
00000495  __aeabi_memcpy4               
00000495  __aeabi_memcpy8               
00000495  memcpy                        
00000531  main                          
000005a5  __TI_decompress_lzss          
0000060d  __TI_auto_init_nobinit_nopinit
00000651  _c_int00_noargs               
00000689  SysCtlPeripheralEnable        
000006bd  GPIODirModeSet                
000006e7  GPIOPinTypeGPIOOutput         
000006ff  __TI_decompress_none          
0000070d  ResetISR                      
00000719  GPIOPinWrite                  
0000071f  SysCtlDelay                   
00000725  _system_pre_init              
00000729  C$$EXIT                       
00000729  abort                         
00000730  __TI_Handler_Table_Base       
00000738  __TI_Handler_Table_Limit      
00000740  __TI_CINIT_Base               
00000748  __TI_CINIT_Limit              
20000000  __stack                       
20000200  __STACK_END                   
20000200  __STACK_TOP                   
20000200  ui8PinData                    
ffffffff  __TI_pprof_out_hndl           
ffffffff  __TI_prof_data_size           
ffffffff  __TI_prof_data_start          
ffffffff  __binit__                     
ffffffff  __c_args__                    
ffffffff  binit                         
UNDEFED   __mpu_init                    
UNDEFED   _system_post_cinit            

[39 symbols]
